// Jest Snapshot v1, https://goo.gl/fbAQLP

exports[`<Subscribe /> renders correctly 1`] = `
<div
  className="Subscribe"
>
  Subscribe
</div>
`;
