// Jest Snapshot v1, https://goo.gl/fbAQLP

exports[`<NotifyButton /> renders correctly 1`] = `
<div
  className="NotifyButton"
>
  NotifyButton
</div>
`;
