// Jest Snapshot v1, https://goo.gl/fbAQLP

exports[`<Countdown /> renders correctly 1`] = `
<div
  className="Countdown"
>
  Countdown
</div>
`;
