// Jest Snapshot v1, https://goo.gl/fbAQLP

exports[`<Content /> renders correctly 1`] = `
<div
  className="Content"
>
  Photo by Benjamin Voros on Unsplash
</div>
`;
