// Jest Snapshot v1, https://goo.gl/fbAQLP

exports[`<App /> renders correctly 1`] = `
<div
  className="App"
>
  <div
    className="HeroUnit"
  >
    <div
      className="HeroUnit__transparency"
    />
    <div
      className="Logo"
    >
      Logo
    </div>
    <div
      className="Countdown"
    >
      Countdown
    </div>
    <div
      className="NotifyButton"
    >
      NotifyButton
    </div>
  </div>
  <div
    className="Content"
  >
    Photo by Benjamin Voros on Unsplash
  </div>
  <div
    className="Footer"
  >
    Footer
  </div>
</div>
`;
